// Jest Snapshot v1, https://goo.gl/fbAQLP

exports[`creates a message when multiple people have added a track 1`] = `
"*This track has been added by*
1. <@1337> on 2019-03-22
2. <@1338> on 2019-03-22"
`;

exports[`creates a message when only one user has added the track 1`] = `"<@1337> added this awesome track!"`;

exports[`creates a message when there's no information of who added the track 1`] = `"Sorry, I don't know who added this track"`;
