// Jest Snapshot v1, https://goo.gl/fbAQLP

exports[`has a list of christmas songs 1`] = `
Array [
  "5hslUAKq9I9CG2bAulFkHN",
  "0lizgQ7Qw35od7CYaoMBZb",
  "3y8Z2sOJrBt6yKEfsZG1NY",
  "7inXu0Eaeg02VsM8kHNvzM",
  "7xQmVmSfCt4LD9H2uFoWOO",
  "7xapw9Oy21WpfEcib2ErSA",
  "0bYg9bo50gSsH3LtXe2SQn",
  "1f2lkuLldqRzvaFjJdjGXX",
  "4Dgp0jxrJdpKrZfVmgxekz",
  "7ogTJKHkj8IMxjhItiFKRC",
  "77nF1t4qesuOJRd8lbIzNX",
]
`;
